// Jest Snapshot v1, https://goo.gl/fbAQLP

exports[`renders correctly 1`] = `
<div
  className={undefined}
>
  <form
    className={undefined}
    onSubmit={[Function]}
  >
    <label>
      Cidade:
    </label>
    <input
      id="city"
      name="city"
      onChange={[Function]}
      value=""
    />
    <label>
      Estado:
    </label>
    <input
      id="state"
      name="state"
      onChange={[Function]}
      value=""
    />
    <button
      type="submit"
    >
      Buscar
    </button>
  </form>
  <div
    className={undefined}
  >
    <table>
      <thead>
        <tr>
          <th>
            Estado
          </th>
          <th>
            Cidade
          </th>
          <th />
        </tr>
      </thead>
      <tbody />
    </table>
    <div
      className={undefined}
    >
      <button
        onClick={[Function]}
      >
        Anterior
      </button>
      <label>
        1
      </label>
      <button
        onClick={[Function]}
      >
        Pr√≥ximo
      </button>
    </div>
  </div>
</div>
`;
